[kokomo.games/index.html]
[backblue.gif]
[fade.gif]
[index.html]
[kokomo.games/kokomo-banner-presskit-01.png]
[kokomo.games/kokomon-favicon.png]
[kokomo.games/website-base.css]
[kokomo.games/styles.css]
[kokomo.games/script.js]
[kokomo.games/scene-state/80229fe9-f417-4511-8e41-427faebf6bb9.json]
[kokomo.games/ui-state.json]
[pwb-uploads-production.s3.amazonaws.com/website/68090ce3-2fe8-4765-990c-2b76b95708d6/kokomo-whitelogo-3x.png]
[pwb-uploads-production.s3.amazonaws.com/website/5c92ff82-04be-46af-825f-ddcf7353c8eb/dot-unselected-c.png]
[pwb-uploads-production.s3.amazonaws.com/website/81685045-ba01-4c79-ba01-642c6a71454e/dot-selected-c.png]
[pwb-uploads-production.s3.amazonaws.com/website/0f8c2fa8-fdad-4194-8d9c-7aa34983d980/scroll-icon.png]
[pwb-uploads-production.s3.amazonaws.com/website/0d5870d5-54c8-4a6a-aa6b-254634cb6837/blur-blue-1-.png]
[pwb-uploads-production.s3.amazonaws.com/website/b0f89307-bb23-49be-a9c3-5d62abb8314c/image-44.png]
[pwb-uploads-production.s3.amazonaws.com/website/433611aa-aa9a-41bf-a73a-b952a30db290/image-41.png]
[pwb-uploads-production.s3.amazonaws.com/website/91894277-4aea-44b9-9fdb-1544d43c37bd/logo-activision-1.png]
[pwb-uploads-production.s3.amazonaws.com/website/97a20688-eb6b-461e-8590-ad9d8efb59dc/image-43.png]
[pwb-uploads-production.s3.amazonaws.com/website/dc84c149-c479-476c-aa86-8b5d69e9a376/superrare.png]
[pwb-uploads-production.s3.amazonaws.com/website/5615ff51-d57c-460f-a6e5-76085444bf9c/6481e18d1e1751bc070a6a45-bitpanda-logo-1-1.png]
[pwb-uploads-production.s3.amazonaws.com/website/18bd024d-efba-4821-b2ff-a408410cccdf/image-40.png]
[pwb-uploads-production.s3.amazonaws.com/website/c7409c03-4d8f-422d-a261-da28ebd40652/logo-oxford.png]
[pwb-uploads-production.s3.amazonaws.com/website/882f9610-59cf-4456-877f-e7b406b71c9a/logo-lol.png]
[pwb-uploads-production.s3.amazonaws.com/website/8c398dd6-f5a8-4712-91d3-243eeb040473/logo-callofduty.png]
[pwb-uploads-production.s3.amazonaws.com/website/b46a6837-3515-401b-b4d0-0033c8f74d78/group-1459.png]
[pwb-uploads-production.s3.amazonaws.com/website/c993dad2-f838-47d8-82b3-a9708678afa0/logo-minecraft-1.png]
[pwb-uploads-production.s3.amazonaws.com/website/704844d2-a5c4-437a-a3e5-ae19f85857a6/dao-jones-b.png]
[pwb-uploads-production.s3.amazonaws.com/website/098fdd74-b3e0-4e92-9bb5-1638274b59e8/logo-sandbox-2.png]
[pwb-uploads-production.s3.amazonaws.com/website/4df2ef97-2b8d-4dbd-b988-614d7e2e5aca/logo-softbank-2.png]
[pwb-uploads-production.s3.amazonaws.com/website/01283ba5-3322-4551-a69a-b403edbed058/logo-kraken-2.png]
[pwb-uploads-production.s3.amazonaws.com/website/8c49e759-c146-4a10-ba65-c209f3460514/logo-republic-3.png]
[pwb-uploads-production.s3.amazonaws.com/website/0b13105c-9a89-4b74-9e9a-f271d6f72597/logo-altcoindaily-1.png]
[pwb-uploads-production.s3.amazonaws.com/website/b92005ef-9f51-487c-8737-e40790b1bf58/daco-3446413-2.png]
[pwb-uploads-staging.s3.amazonaws.com/static/loading_page_gradient.png]
[pwb-uploads-production.s3.amazonaws.com/website/1c4fb5c7-a6b2-4d01-86ec-909273c30a34/kokomo-whitelogo-3x.png]
[kokomo.games/index.html]
[kokomo.games/website-base.css]
[kokomo.games/styles.css]
